
> switch_architecture@0.0.0 build
> tsc -b && vite build

[36mvite v5.4.21 [32mbuilding for production...[36m[39m
transforming...
[32mÔ£ô[39m 16 modules transformed.
node.exe : [31mx[39m 
Build failed in 156ms
En línea: 1 Carácter: 1
+ & "C:\Program 
Files\nodejs/node.exe" 
"C:\Program 
Files\nodejs/node_mo ...
+ ~~~~~~~~~~~~~~~~~~~~~~~~~
~~~~~~~~~~~~~~~~~~~~~~~~~~~
~~~~~~~~~~~~~~~~~
    + CategoryInfo         
     : NotSpecified: ([3  
  1mx[39m Build failed    
 in 156ms:String) [], R    
emoteException
    + FullyQualifiedErrorI 
   d : NativeCommandError
 
[31merror during build:
[31m[vite]: Rollup failed 
to resolve import 
"/vite.svg" from "C:/projec
ts/switch_architecture/clie
nt/src/App.tsx".
This is most likely 
unintended because it can 
break your application at 
runtime.
If you do want to 
externalize this module 
explicitly add it to
`build.rollupOptions.extern
al`[31m
    at viteWarn (file:///C:
/projects/switch_architectu
re/client/node_modules/vite
/dist/node/chunks/dep-BK3b2
jBa.js:65855:17)
    at onwarn (file:///C:/p
rojects/switch_architecture
/client/node_modules/@vitej
s/plugin-react/dist/index.j
s:90:7)
    at onRollupWarning (fil
e:///C:/projects/switch_arc
hitecture/client/node_modul
es/vite/dist/node/chunks/de
p-BK3b2jBa.js:65885:5)
    at onwarn (file:///C:/p
rojects/switch_architecture
/client/node_modules/vite/d
ist/node/chunks/dep-BK3b2jB
a.js:65550:7)
    at file:///C:/projects/
switch_architecture/client/
node_modules/rollup/dist/es
/shared/node-entry.js:20975
:13
    at Object.logger [as 
onLog] (file:///C:/projects
/switch_architecture/client
/node_modules/rollup/dist/e
s/shared/node-entry.js:2284
8:9)
    at ModuleLoader.handleI
nvalidResolvedId (file:///C
:/projects/switch_architect
ure/client/node_modules/rol
lup/dist/es/shared/node-ent
ry.js:21592:26)
    at file:///C:/projects/
switch_architecture/client/
node_modules/rollup/dist/es
/shared/node-entry.js:21550
:26[39m
